> Building...
√ Building...
Initial chunk files | Names                        |  Raw size
polyfills.js        | polyfills                    |  90.23 kB | 
styles.css          | styles                       |  55.09 kB | 
main.js             | main                         |   5.50 kB | 
chunk-V7UIV7JC.js   | -                            |   4.09 kB | 
chunk-Y5RQAIA6.js   | -                            |   1.50 kB | 
chunk-M7ID5LRW.js   | -                            | 515 bytes | 

                    | Initial total                | 156.92 kB

Lazy chunk files    | Names                        |  Raw size
chunk-R7NGEZNJ.js   | attendance-control-component |  74.36 kB | 
chunk-77SKMBBL.js   | dashboard-layout-component   |  14.88 kB | 
chunk-VD6LK2S5.js   | overview-component           |  10.84 kB | 
chunk-QUZP575U.js   | -                            |   8.47 kB | 
chunk-Y7TPTZBL.js   | -                            |   5.55 kB | 
chunk-GZWY3P3Z.js   | public-layout-component      |   3.63 kB | 
chunk-7GLIYBMX.js   | login-component              |   3.29 kB | 
chunk-RXJIHKTP.js   | -                            |   2.51 kB | 

Application bundle generation complete. [3.016 seconds]

Watch mode enabled. Watching for file changes...
NOTE: Raw file sizes do not reflect development server per-request transformations.
  ➜  Local:   http://localhost:4200/
